#! /usr/bin/vvp
:ivl_version "12.0 (stable)";
:ivl_delay_selection "TYPICAL";
:vpi_time_precision + 0;
:vpi_module "/usr/lib/x86_64-linux-gnu/ivl/system.vpi";
:vpi_module "/usr/lib/x86_64-linux-gnu/ivl/vhdl_sys.vpi";
:vpi_module "/usr/lib/x86_64-linux-gnu/ivl/vhdl_textio.vpi";
:vpi_module "/usr/lib/x86_64-linux-gnu/ivl/v2005_math.vpi";
:vpi_module "/usr/lib/x86_64-linux-gnu/ivl/va_math.vpi";
S_0x61fab37c8c20 .scope module, "bidir_shiftreg_tb" "bidir_shiftreg_tb" 2 1;
 .timescale 0 0;
v0x61fab37e08b0_0 .var "clk", 0 0;
v0x61fab37e0970_0 .var "m", 0 0;
v0x61fab37e0a40_0 .var "reset", 0 0;
v0x61fab37e0b40_0 .var "sin", 0 0;
v0x61fab37e0c10_0 .net "sout", 3 0, L_0x61fab37e0cb0;  1 drivers
S_0x61fab37c8db0 .scope module, "uut" "bidir_shiftreg" 2 7, 3 1 0, S_0x61fab37c8c20;
 .timescale 0 0;
    .port_info 0 /INPUT 1 "clk";
    .port_info 1 /INPUT 1 "reset";
    .port_info 2 /INPUT 1 "m";
    .port_info 3 /INPUT 1 "sin";
    .port_info 4 /OUTPUT 4 "sout";
v0x61fab37b74c0_0 .net "clk", 0 0, v0x61fab37e08b0_0;  1 drivers
v0x61fab37e0190_0 .net "m", 0 0, v0x61fab37e0970_0;  1 drivers
v0x61fab37e0250_0 .var "q0", 0 0;
v0x61fab37e0320_0 .var "q1", 0 0;
v0x61fab37e03e0_0 .var "q2", 0 0;
v0x61fab37e04f0_0 .var "q3", 0 0;
v0x61fab37e05b0_0 .net "reset", 0 0, v0x61fab37e0a40_0;  1 drivers
v0x61fab37e0670_0 .net "sin", 0 0, v0x61fab37e0b40_0;  1 drivers
v0x61fab37e0730_0 .net "sout", 3 0, L_0x61fab37e0cb0;  alias, 1 drivers
E_0x61fab37c4eb0 .event posedge, v0x61fab37e05b0_0, v0x61fab37b74c0_0;
L_0x61fab37e0cb0 .concat [ 1 1 1 1], v0x61fab37e0250_0, v0x61fab37e0320_0, v0x61fab37e03e0_0, v0x61fab37e04f0_0;
    .scope S_0x61fab37c8db0;
T_0 ;
    %wait E_0x61fab37c4eb0;
    %load/vec4 v0x61fab37e05b0_0;
    %flag_set/vec4 8;
    %jmp/0xz  T_0.0, 8;
    %pushi/vec4 0, 0, 1;
    %assign/vec4 v0x61fab37e0250_0, 0;
    %pushi/vec4 0, 0, 1;
    %assign/vec4 v0x61fab37e0320_0, 0;
    %pushi/vec4 0, 0, 1;
    %assign/vec4 v0x61fab37e03e0_0, 0;
    %pushi/vec4 0, 0, 1;
    %assign/vec4 v0x61fab37e04f0_0, 0;
    %jmp T_0.1;
T_0.0 ;
    %load/vec4 v0x61fab37e0190_0;
    %pad/u 32;
    %cmpi/e 1, 0, 32;
    %jmp/0xz  T_0.2, 4;
    %load/vec4 v0x61fab37e0670_0;
    %assign/vec4 v0x61fab37e04f0_0, 0;
    %load/vec4 v0x61fab37e04f0_0;
    %assign/vec4 v0x61fab37e03e0_0, 0;
    %load/vec4 v0x61fab37e03e0_0;
    %assign/vec4 v0x61fab37e0320_0, 0;
    %load/vec4 v0x61fab37e0320_0;
    %assign/vec4 v0x61fab37e0250_0, 0;
    %jmp T_0.3;
T_0.2 ;
    %load/vec4 v0x61fab37e0670_0;
    %assign/vec4 v0x61fab37e0250_0, 0;
    %load/vec4 v0x61fab37e0250_0;
    %assign/vec4 v0x61fab37e0320_0, 0;
    %load/vec4 v0x61fab37e0320_0;
    %assign/vec4 v0x61fab37e03e0_0, 0;
    %load/vec4 v0x61fab37e03e0_0;
    %assign/vec4 v0x61fab37e04f0_0, 0;
T_0.3 ;
T_0.1 ;
    %jmp T_0;
    .thread T_0;
    .scope S_0x61fab37c8c20;
T_1 ;
    %delay 5, 0;
    %load/vec4 v0x61fab37e08b0_0;
    %inv;
    %store/vec4 v0x61fab37e08b0_0, 0, 1;
    %jmp T_1;
    .thread T_1;
    .scope S_0x61fab37c8c20;
T_2 ;
    %pushi/vec4 0, 0, 1;
    %store/vec4 v0x61fab37e08b0_0, 0, 1;
    %pushi/vec4 1, 0, 1;
    %store/vec4 v0x61fab37e0a40_0, 0, 1;
    %pushi/vec4 0, 0, 1;
    %store/vec4 v0x61fab37e0970_0, 0, 1;
    %pushi/vec4 0, 0, 1;
    %store/vec4 v0x61fab37e0b40_0, 0, 1;
    %end;
    .thread T_2;
    .scope S_0x61fab37c8c20;
T_3 ;
    %delay 10, 0;
    %pushi/vec4 0, 0, 1;
    %store/vec4 v0x61fab37e0a40_0, 0, 1;
    %pushi/vec4 0, 0, 1;
    %store/vec4 v0x61fab37e0970_0, 0, 1;
    %pushi/vec4 1, 0, 1;
    %store/vec4 v0x61fab37e0b40_0, 0, 1;
    %delay 10, 0;
    %pushi/vec4 0, 0, 1;
    %store/vec4 v0x61fab37e0b40_0, 0, 1;
    %delay 10, 0;
    %pushi/vec4 1, 0, 1;
    %store/vec4 v0x61fab37e0b40_0, 0, 1;
    %delay 10, 0;
    %pushi/vec4 1, 0, 1;
    %store/vec4 v0x61fab37e0b40_0, 0, 1;
    %delay 10, 0;
    %pushi/vec4 1, 0, 1;
    %store/vec4 v0x61fab37e0970_0, 0, 1;
    %pushi/vec4 0, 0, 1;
    %store/vec4 v0x61fab37e0b40_0, 0, 1;
    %delay 10, 0;
    %pushi/vec4 1, 0, 1;
    %store/vec4 v0x61fab37e0b40_0, 0, 1;
    %delay 10, 0;
    %pushi/vec4 0, 0, 1;
    %store/vec4 v0x61fab37e0b40_0, 0, 1;
    %delay 10, 0;
    %pushi/vec4 1, 0, 1;
    %store/vec4 v0x61fab37e0b40_0, 0, 1;
    %delay 10, 0;
    %end;
    .thread T_3;
    .scope S_0x61fab37c8c20;
T_4 ;
    %vpi_call 2 39 "$monitor", "time=%0t|clk=%b|reset=%b|m=%b|sin=%b|sout=%b", $time, v0x61fab37e08b0_0, v0x61fab37e0a40_0, v0x61fab37e0970_0, v0x61fab37e0b40_0, v0x61fab37e0c10_0 {0 0 0};
    %vpi_call 2 40 "$finish" {0 0 0};
    %end;
    .thread T_4;
# The file index is used to find the file name in the following table.
:file_names 4;
    "N/A";
    "<interactive>";
    "bidir_shiftreg_tb.v";
    "bidir_shiftreg.v";
